
Gurobi 11.0.3 (mac64[arm]) logging started Tue Aug  5 01:30:57 2025

Set parameter LogFile to value "runs/milp_with_droop/m3k2.log"
Warning: constraint name "simplex constraint" has a space
Gurobi Optimizer version 11.0.3 build v11.0.3rc0 (mac64[arm] - Darwin 24.5.0 24F74)

CPU model: Apple M1 Pro
Thread count: 10 physical cores, 10 logical processors, using up to 10 threads

Optimize a model with 7 rows, 18 columns and 20 nonzeros
Model fingerprint: 0x2c7a7ca0
Variable types: 9 continuous, 9 integer (9 binary)
Coefficient statistics:
  Matrix range     [1e+00, 3e+00]
  Objective range  [1e+00, 1e+00]
  Bounds range     [1e+00, 2e+00]
  RHS range        [1e+00, 3e+00]

Loaded user MIP start with objective -0

Presolve removed 7 rows and 18 columns
Presolve time: 0.00s
Presolve: All rows and columns removed

Explored 0 nodes (0 simplex iterations) in 0.00 seconds (0.00 work units)
Thread count was 1 (of 10 available processors)

Solution count 1: -0 
No other solutions better than -0

Optimal solution found (tolerance 1.00e-04)
Best objective -0.000000000000e+00, best bound -0.000000000000e+00, gap 0.0000%
