
Gurobi 11.0.3 (mac64[arm]) logging started Tue Aug  5 01:30:57 2025

Set parameter LogFile to value "runs/droopcore_vs_lindahl/m2k1.log"
Warning: constraint name "simplex constraint" has a space
Warning: Q constraint 0 doesn't have a name
Gurobi Optimizer version 11.0.3 build v11.0.3rc0 (mac64[arm] - Darwin 24.5.0 24F74)

CPU model: Apple M1 Pro
Thread count: 10 physical cores, 10 logical processors, using up to 10 threads

Optimize a model with 4 rows, 23 columns and 10 nonzeros
Model fingerprint: 0xc4d38b03
Model has 4 quadratic constraints
Coefficient statistics:
  Matrix range     [1e+00, 1e+00]
  QMatrix range    [1e+00, 1e+00]
  QLMatrix range   [1e+00, 1e+00]
  Objective range  [1e+00, 1e+00]
  Bounds range     [1e+00, 2e+00]
  RHS range        [5e-01, 1e+00]
Presolve removed 1 rows and 17 columns

Continuous model is non-convex -- solving as a MIP

Presolve removed 1 rows and 17 columns
Presolve time: 0.00s
Presolved: 9 rows, 6 columns, 18 nonzeros
Presolved model has 3 bilinear constraint(s)
Variable types: 6 continuous, 0 integer (0 binary)
Found heuristic solution: objective 0.5000000

Root relaxation: objective 0.000000e+00, 6 iterations, 0.00 seconds (0.00 work units)

    Nodes    |    Current Node    |     Objective Bounds      |     Work
 Expl Unexpl |  Obj  Depth IntInf | Incumbent    BestBd   Gap | It/Node Time

     0     0    0.00000    0    3    0.50000    0.00000   100%     -    0s

Explored 1 nodes (6 simplex iterations) in 0.00 seconds (0.00 work units)
Thread count was 10 (of 10 available processors)

Solution count 1: 0.5 

Optimal solution found (tolerance 1.00e-04)
Best objective 4.999999762642e-01, best bound 4.999999762642e-01, gap 0.0000%
