
Gurobi 11.0.3 (mac64[arm]) logging started Tue Aug  5 01:30:57 2025

Set parameter LogFile to value "runs/harecore_vs_lindahl/m3k1.log"
Warning: constraint name "simplex constraint" has a space
Warning: Q constraint 0 doesn't have a name
Gurobi Optimizer version 11.0.3 build v11.0.3rc0 (mac64[arm] - Darwin 24.5.0 24F74)

CPU model: Apple M1 Pro
Thread count: 10 physical cores, 10 logical processors, using up to 10 threads

Optimize a model with 5 rows, 76 columns and 28 nonzeros
Model fingerprint: 0xdc7f4a4b
Model has 12 quadratic constraints
Coefficient statistics:
  Matrix range     [1e+00, 1e+00]
  QMatrix range    [1e+00, 1e+00]
  QLMatrix range   [1e+00, 1e+00]
  Objective range  [1e+00, 1e+00]
  Bounds range     [1e+00, 2e+00]
  RHS range        [1e+00, 1e+00]
Presolve removed 0 rows and 55 columns

Continuous model is non-convex -- solving as a MIP

Presolve removed 0 rows and 55 columns
Presolve time: 0.00s
Presolved: 27 rows, 21 columns, 86 nonzeros
Presolved model has 11 bilinear constraint(s)
Variable types: 21 continuous, 0 integer (0 binary)
Found heuristic solution: objective 0.0000000

Root relaxation: objective -1.000000e+00, 19 iterations, 0.00 seconds (0.00 work units)

    Nodes    |    Current Node    |     Objective Bounds      |     Work
 Expl Unexpl |  Obj  Depth IntInf | Incumbent    BestBd   Gap | It/Node Time

     0     0   -1.00000    0    4    0.00000   -1.00000      -     -    0s
     0     0   -0.80000    0    6    0.00000   -0.80000      -     -    0s
     0     0   -0.50000    0    2    0.00000   -0.50000      -     -    0s
     0     0   -0.50000    0    2    0.00000   -0.50000      -     -    0s
     0     2   -0.50000    0    2    0.00000   -0.50000      -     -    0s

Cutting planes:
  RLT: 7

Explored 5 nodes (56 simplex iterations) in 0.01 seconds (0.00 work units)
Thread count was 10 (of 10 available processors)

Solution count 1: 0 

Optimal solution found (tolerance 1.00e-04)
Best objective 0.000000000000e+00, best bound 0.000000000000e+00, gap 0.0000%
